-- The C compiler identification is GNU 13.3.0
-- The CXX compiler identification is GNU 13.3.0
-- Detecting C compiler ABI info
-- Detecting C compiler ABI info - done
-- Check for working C compiler: /usr/bin/cc - skipped
-- Detecting C compile features
-- Detecting C compile features - done
-- Detecting CXX compiler ABI info
-- Detecting CXX compiler ABI info - done
-- Check for working CXX compiler: /usr/bin/c++ - skipped
-- Detecting CXX compile features
-- Detecting CXX compile features - done
-- Found rosidl_default_generators: 1.6.1 (/opt/ros/jazzy/share/rosidl_default_generators/cmake)
-- Found Python3: /usr/bin/python3 (found version "3.12.3") found components: Interpreter 
-- Using all available rosidl_typesupport_c: rosidl_typesupport_fastrtps_c;rosidl_typesupport_introspection_c
-- Using all available rosidl_typesupport_cpp: rosidl_typesupport_fastrtps_cpp;rosidl_typesupport_introspection_cpp
-- Found rosidl_adapter: 4.6.9 (/opt/ros/jazzy/share/rosidl_adapter/cmake)
-- Found builtin_interfaces: 2.0.4 (/opt/ros/jazzy/share/builtin_interfaces/cmake)
-- Found rclcpp: 28.1.22 (/opt/ros/jazzy/share/rclcpp/cmake)
-- Found rmw_implementation_cmake: 7.3.3 (/opt/ros/jazzy/share/rmw_implementation_cmake/cmake)
-- Found rmw_fastrtps_cpp: 8.4.4 (/opt/ros/jazzy/share/rmw_fastrtps_cpp/cmake)
-- Found OpenSSL: /usr/lib/x86_64-linux-gnu/libcrypto.so (found version "3.0.13")  
-- Found FastRTPS: /opt/ros/jazzy/include (Required is at least version "2.13") 
-- Using RMW implementation 'rmw_fastrtps_cpp' as default
-- Found geometry_msgs: 5.3.8 (/opt/ros/jazzy/share/geometry_msgs/cmake)
-- Found ament_cmake_ros: 0.12.1 (/opt/ros/jazzy/share/ament_cmake_ros/cmake)
-- Using all available rosidl_typesupport_c: rosidl_typesupport_fastrtps_c;rosidl_typesupport_introspection_c
-- Using all available rosidl_typesupport_cpp: rosidl_typesupport_fastrtps_cpp;rosidl_typesupport_introspection_cpp
-- Found python_cmake_module: 0.11.1 (/opt/ros/jazzy/share/python_cmake_module/cmake)
-- Found PythonExtra: /usr/bin/python3  
-- Found Python3: /usr/bin/python3 (found version "3.12.3") found components: Interpreter Development NumPy Development.Module Development.Embed 
-- Found Python3: /usr/bin/python3 (found version "3.12.3") found components: Interpreter 
-- Found ament_lint_auto: 0.17.5 (/opt/ros/jazzy/share/ament_lint_auto/cmake)
-- Added test 'lint_cmake' to check CMake code style
-- Added test 'xmllint' to check XML markup files
-- Configuring done (4.0s)
-- Generating done (0.0s)
-- Build files have been written to: /home/pontus-akerman/Desktop/ADCS-project/ADCS_Project/ros2_ws/build/rwip_ros2_package
[  5%] [34m[1mGenerating Rust code for ROS interfaces[0m
[  5%] [34m[1mGenerating type hashes for ROS interfaces[0m
[  5%] Built target ament_cmake_python_copy_rwip_ros2_package
[  5%] Built target rwip_ros2_package__rosidl_generator_type_description
running egg_info
creating rwip_ros2_package.egg-info
[  8%] [34m[1mGenerating C code for ROS interfaces[0m
writing rwip_ros2_package.egg-info/PKG-INFO
writing dependency_links to rwip_ros2_package.egg-info/dependency_links.txt
writing top-level names to rwip_ros2_package.egg-info/top_level.txt
writing manifest file 'rwip_ros2_package.egg-info/SOURCES.txt'
[ 11%] [34m[1mGenerating C++ code for ROS interfaces[0m
[ 11%] Built target rwip_ros2_package__rs
reading manifest file 'rwip_ros2_package.egg-info/SOURCES.txt'
writing manifest file 'rwip_ros2_package.egg-info/SOURCES.txt'
[ 11%] Built target ament_cmake_python_build_rwip_ros2_package_egg
[ 11%] Built target rwip_ros2_package__cpp
[ 20%] [32mBuilding C object CMakeFiles/rwip_ros2_package__rosidl_generator_c.dir/rosidl_generator_c/rwip_ros2_package/msg/detail/controller__type_support.c.o[0m
[ 20%] [32mBuilding C object CMakeFiles/rwip_ros2_package__rosidl_generator_c.dir/rosidl_generator_c/rwip_ros2_package/msg/detail/controller__description.c.o[0m
[ 20%] [32mBuilding C object CMakeFiles/rwip_ros2_package__rosidl_generator_c.dir/rosidl_generator_c/rwip_ros2_package/msg/detail/controller__functions.c.o[0m
[ 22%] [32m[1mLinking C shared library librwip_ros2_package__rosidl_generator_c.so[0m
[ 22%] Built target rwip_ros2_package__rosidl_generator_c
[ 31%] [34m[1mGenerating C introspection for ROS interfaces[0m
[ 31%] [34m[1mGenerating C type support for eProsima Fast-RTPS[0m
[ 31%] [34m[1mGenerating C++ type support for eProsima Fast-RTPS[0m
[ 34%] [34m[1mGenerating C++ type support dispatch for ROS interfaces[0m
[ 40%] [34m[1mGenerating C type support dispatch for ROS interfaces[0m
[ 40%] [34m[1mGenerating C++ introspection for ROS interfaces[0m
[ 42%] [32mBuilding CXX object CMakeFiles/rwip_ros2_package__rosidl_typesupport_c.dir/rosidl_typesupport_c/rwip_ros2_package/msg/controller__type_support.cpp.o[0m
[ 45%] [32mBuilding CXX object CMakeFiles/rwip_ros2_package__rosidl_typesupport_cpp.dir/rosidl_typesupport_cpp/rwip_ros2_package/msg/controller__type_support.cpp.o[0m
[ 48%] [32mBuilding CXX object CMakeFiles/rwip_ros2_package__rosidl_typesupport_introspection_cpp.dir/rosidl_typesupport_introspection_cpp/rwip_ros2_package/msg/detail/controller__type_support.cpp.o[0m
[ 51%] [32mBuilding CXX object CMakeFiles/rwip_ros2_package__rosidl_typesupport_fastrtps_c.dir/rosidl_typesupport_fastrtps_c/rwip_ros2_package/msg/detail/controller__type_support_c.cpp.o[0m
[ 54%] [32m[1mLinking CXX shared library librwip_ros2_package__rosidl_typesupport_c.so[0m
[ 57%] [32mBuilding C object CMakeFiles/rwip_ros2_package__rosidl_typesupport_introspection_c.dir/rosidl_typesupport_introspection_c/rwip_ros2_package/msg/detail/controller__type_support.c.o[0m
[ 60%] [32mBuilding CXX object CMakeFiles/rwip_ros2_package__rosidl_typesupport_fastrtps_cpp.dir/rosidl_typesupport_fastrtps_cpp/rwip_ros2_package/msg/detail/dds_fastrtps/controller__type_support.cpp.o[0m
[ 62%] [32m[1mLinking C shared library librwip_ros2_package__rosidl_typesupport_introspection_c.so[0m
[ 62%] Built target rwip_ros2_package__rosidl_typesupport_c
[ 62%] Built target rwip_ros2_package__rosidl_typesupport_introspection_c
[ 65%] [32m[1mLinking CXX shared library librwip_ros2_package__rosidl_typesupport_cpp.so[0m
[ 68%] [32m[1mLinking CXX shared library librwip_ros2_package__rosidl_typesupport_introspection_cpp.so[0m
[ 68%] Built target rwip_ros2_package__rosidl_typesupport_cpp
[ 68%] Built target rwip_ros2_package__rosidl_typesupport_introspection_cpp
[ 71%] [32m[1mLinking CXX shared library librwip_ros2_package__rosidl_typesupport_fastrtps_c.so[0m
[ 74%] [32m[1mLinking CXX shared library librwip_ros2_package__rosidl_typesupport_fastrtps_cpp.so[0m
[ 74%] Built target rwip_ros2_package__rosidl_typesupport_fastrtps_c
[ 74%] Built target rwip_ros2_package__rosidl_typesupport_fastrtps_cpp
[ 74%] Built target rwip_ros2_package
[ 77%] [34m[1mGenerating Python code for ROS interfaces[0m
[ 77%] Built target rwip_ros2_package__py
[ 80%] [32mBuilding C object CMakeFiles/rwip_ros2_package__rosidl_generator_py.dir/rosidl_generator_py/rwip_ros2_package/msg/_controller_s.c.o[0m
[ 82%] [32m[1mLinking C shared library librwip_ros2_package__rosidl_generator_py.so[0m
[ 82%] Built target rwip_ros2_package__rosidl_generator_py
[ 88%] [32mBuilding C object CMakeFiles/rwip_ros2_package_s__rosidl_typesupport_introspection_c.dir/rosidl_generator_py/rwip_ros2_package/_rwip_ros2_package_s.ep.rosidl_typesupport_introspection_c.c.o[0m
[ 88%] [32mBuilding C object CMakeFiles/rwip_ros2_package_s__rosidl_typesupport_fastrtps_c.dir/rosidl_generator_py/rwip_ros2_package/_rwip_ros2_package_s.ep.rosidl_typesupport_fastrtps_c.c.o[0m
[ 91%] [32mBuilding C object CMakeFiles/rwip_ros2_package_s__rosidl_typesupport_c.dir/rosidl_generator_py/rwip_ros2_package/_rwip_ros2_package_s.ep.rosidl_typesupport_c.c.o[0m
[ 94%] [32m[1mLinking C shared module rosidl_generator_py/rwip_ros2_package/rwip_ros2_package_s__rosidl_typesupport_c.so[0m
[ 97%] [32m[1mLinking C shared module rosidl_generator_py/rwip_ros2_package/rwip_ros2_package_s__rosidl_typesupport_introspection_c.so[0m
[100%] [32m[1mLinking C shared module rosidl_generator_py/rwip_ros2_package/rwip_ros2_package_s__rosidl_typesupport_fastrtps_c.so[0m
[100%] Built target rwip_ros2_package_s__rosidl_typesupport_c
[100%] Built target rwip_ros2_package_s__rosidl_typesupport_introspection_c
[100%] Built target rwip_ros2_package_s__rosidl_typesupport_fastrtps_c
-- Install configuration: ""
-- Installing: /home/pontus-akerman/Desktop/ADCS-project/ADCS_Project/ros2_ws/install/rwip_ros2_package/share/ament_index/resource_index/rosidl_interfaces/rwip_ros2_package
-- Installing: /home/pontus-akerman/Desktop/ADCS-project/ADCS_Project/ros2_ws/install/rwip_ros2_package/share/rwip_ros2_package/msg/Controller.json
-- Installing: /home/pontus-akerman/Desktop/ADCS-project/ADCS_Project/ros2_ws/install/rwip_ros2_package/include/rwip_ros2_package/rwip_ros2_package
-- Installing: /home/pontus-akerman/Desktop/ADCS-project/ADCS_Project/ros2_ws/install/rwip_ros2_package/include/rwip_ros2_package/rwip_ros2_package/msg
-- Installing: /home/pontus-akerman/Desktop/ADCS-project/ADCS_Project/ros2_ws/install/rwip_ros2_package/include/rwip_ros2_package/rwip_ros2_package/msg/detail
-- Installing: /home/pontus-akerman/Desktop/ADCS-project/ADCS_Project/ros2_ws/install/rwip_ros2_package/include/rwip_ros2_package/rwip_ros2_package/msg/detail/controller__type_support.c
-- Installing: /home/pontus-akerman/Desktop/ADCS-project/ADCS_Project/ros2_ws/install/rwip_ros2_package/include/rwip_ros2_package/rwip_ros2_package/msg/detail/controller__functions.c
-- Installing: /home/pontus-akerman/Desktop/ADCS-project/ADCS_Project/ros2_ws/install/rwip_ros2_package/include/rwip_ros2_package/rwip_ros2_package/msg/detail/controller__struct.h
-- Installing: /home/pontus-akerman/Desktop/ADCS-project/ADCS_Project/ros2_ws/install/rwip_ros2_package/include/rwip_ros2_package/rwip_ros2_package/msg/detail/controller__type_support.h
-- Installing: /home/pontus-akerman/Desktop/ADCS-project/ADCS_Project/ros2_ws/install/rwip_ros2_package/include/rwip_ros2_package/rwip_ros2_package/msg/detail/controller__functions.h
-- Installing: /home/pontus-akerman/Desktop/ADCS-project/ADCS_Project/ros2_ws/install/rwip_ros2_package/include/rwip_ros2_package/rwip_ros2_package/msg/detail/controller__description.c
-- Installing: /home/pontus-akerman/Desktop/ADCS-project/ADCS_Project/ros2_ws/install/rwip_ros2_package/include/rwip_ros2_package/rwip_ros2_package/msg/rosidl_generator_c__visibility_control.h
-- Installing: /home/pontus-akerman/Desktop/ADCS-project/ADCS_Project/ros2_ws/install/rwip_ros2_package/include/rwip_ros2_package/rwip_ros2_package/msg/controller.h
-- Installing: /home/pontus-akerman/Desktop/ADCS-project/ADCS_Project/ros2_ws/install/rwip_ros2_package/share/rwip_ros2_package/environment/library_path.sh
-- Installing: /home/pontus-akerman/Desktop/ADCS-project/ADCS_Project/ros2_ws/install/rwip_ros2_package/share/rwip_ros2_package/environment/library_path.dsv
-- Installing: /home/pontus-akerman/Desktop/ADCS-project/ADCS_Project/ros2_ws/install/rwip_ros2_package/lib/librwip_ros2_package__rosidl_generator_c.so
-- Set non-toolchain portion of runtime path of "/home/pontus-akerman/Desktop/ADCS-project/ADCS_Project/ros2_ws/install/rwip_ros2_package/lib/librwip_ros2_package__rosidl_generator_c.so" to ""
-- Up-to-date: /home/pontus-akerman/Desktop/ADCS-project/ADCS_Project/ros2_ws/install/rwip_ros2_package/include/rwip_ros2_package/rwip_ros2_package
-- Up-to-date: /home/pontus-akerman/Desktop/ADCS-project/ADCS_Project/ros2_ws/install/rwip_ros2_package/include/rwip_ros2_package/rwip_ros2_package/msg
-- Up-to-date: /home/pontus-akerman/Desktop/ADCS-project/ADCS_Project/ros2_ws/install/rwip_ros2_package/include/rwip_ros2_package/rwip_ros2_package/msg/detail
-- Installing: /home/pontus-akerman/Desktop/ADCS-project/ADCS_Project/ros2_ws/install/rwip_ros2_package/include/rwip_ros2_package/rwip_ros2_package/msg/detail/controller__rosidl_typesupport_fastrtps_c.h
-- Installing: /home/pontus-akerman/Desktop/ADCS-project/ADCS_Project/ros2_ws/install/rwip_ros2_package/include/rwip_ros2_package/rwip_ros2_package/msg/rosidl_typesupport_fastrtps_c__visibility_control.h
-- Installing: /home/pontus-akerman/Desktop/ADCS-project/ADCS_Project/ros2_ws/install/rwip_ros2_package/lib/librwip_ros2_package__rosidl_typesupport_fastrtps_c.so
-- Set non-toolchain portion of runtime path of "/home/pontus-akerman/Desktop/ADCS-project/ADCS_Project/ros2_ws/install/rwip_ros2_package/lib/librwip_ros2_package__rosidl_typesupport_fastrtps_c.so" to ""
-- Up-to-date: /home/pontus-akerman/Desktop/ADCS-project/ADCS_Project/ros2_ws/install/rwip_ros2_package/include/rwip_ros2_package/rwip_ros2_package
-- Up-to-date: /home/pontus-akerman/Desktop/ADCS-project/ADCS_Project/ros2_ws/install/rwip_ros2_package/include/rwip_ros2_package/rwip_ros2_package/msg
-- Up-to-date: /home/pontus-akerman/Desktop/ADCS-project/ADCS_Project/ros2_ws/install/rwip_ros2_package/include/rwip_ros2_package/rwip_ros2_package/msg/detail
-- Up-to-date: /home/pontus-akerman/Desktop/ADCS-project/ADCS_Project/ros2_ws/install/rwip_ros2_package/include/rwip_ros2_package/rwip_ros2_package/msg/detail/controller__type_support.c
-- Installing: /home/pontus-akerman/Desktop/ADCS-project/ADCS_Project/ros2_ws/install/rwip_ros2_package/include/rwip_ros2_package/rwip_ros2_package/msg/detail/controller__rosidl_typesupport_introspection_c.h
-- Installing: /home/pontus-akerman/Desktop/ADCS-project/ADCS_Project/ros2_ws/install/rwip_ros2_package/include/rwip_ros2_package/rwip_ros2_package/msg/rosidl_typesupport_introspection_c__visibility_control.h
-- Installing: /home/pontus-akerman/Desktop/ADCS-project/ADCS_Project/ros2_ws/install/rwip_ros2_package/lib/librwip_ros2_package__rosidl_typesupport_introspection_c.so
-- Set non-toolchain portion of runtime path of "/home/pontus-akerman/Desktop/ADCS-project/ADCS_Project/ros2_ws/install/rwip_ros2_package/lib/librwip_ros2_package__rosidl_typesupport_introspection_c.so" to ""
-- Installing: /home/pontus-akerman/Desktop/ADCS-project/ADCS_Project/ros2_ws/install/rwip_ros2_package/lib/librwip_ros2_package__rosidl_typesupport_c.so
-- Set non-toolchain portion of runtime path of "/home/pontus-akerman/Desktop/ADCS-project/ADCS_Project/ros2_ws/install/rwip_ros2_package/lib/librwip_ros2_package__rosidl_typesupport_c.so" to ""
-- Up-to-date: /home/pontus-akerman/Desktop/ADCS-project/ADCS_Project/ros2_ws/install/rwip_ros2_package/include/rwip_ros2_package/rwip_ros2_package
-- Up-to-date: /home/pontus-akerman/Desktop/ADCS-project/ADCS_Project/ros2_ws/install/rwip_ros2_package/include/rwip_ros2_package/rwip_ros2_package/msg
-- Up-to-date: /home/pontus-akerman/Desktop/ADCS-project/ADCS_Project/ros2_ws/install/rwip_ros2_package/include/rwip_ros2_package/rwip_ros2_package/msg/detail
-- Installing: /home/pontus-akerman/Desktop/ADCS-project/ADCS_Project/ros2_ws/install/rwip_ros2_package/include/rwip_ros2_package/rwip_ros2_package/msg/detail/controller__type_support.hpp
-- Installing: /home/pontus-akerman/Desktop/ADCS-project/ADCS_Project/ros2_ws/install/rwip_ros2_package/include/rwip_ros2_package/rwip_ros2_package/msg/detail/controller__struct.hpp
-- Installing: /home/pontus-akerman/Desktop/ADCS-project/ADCS_Project/ros2_ws/install/rwip_ros2_package/include/rwip_ros2_package/rwip_ros2_package/msg/detail/controller__traits.hpp
-- Installing: /home/pontus-akerman/Desktop/ADCS-project/ADCS_Project/ros2_ws/install/rwip_ros2_package/include/rwip_ros2_package/rwip_ros2_package/msg/detail/controller__builder.hpp
-- Installing: /home/pontus-akerman/Desktop/ADCS-project/ADCS_Project/ros2_ws/install/rwip_ros2_package/include/rwip_ros2_package/rwip_ros2_package/msg/rosidl_generator_cpp__visibility_control.hpp
-- Installing: /home/pontus-akerman/Desktop/ADCS-project/ADCS_Project/ros2_ws/install/rwip_ros2_package/include/rwip_ros2_package/rwip_ros2_package/msg/controller.hpp
-- Up-to-date: /home/pontus-akerman/Desktop/ADCS-project/ADCS_Project/ros2_ws/install/rwip_ros2_package/include/rwip_ros2_package/rwip_ros2_package
-- Up-to-date: /home/pontus-akerman/Desktop/ADCS-project/ADCS_Project/ros2_ws/install/rwip_ros2_package/include/rwip_ros2_package/rwip_ros2_package/msg
-- Installing: /home/pontus-akerman/Desktop/ADCS-project/ADCS_Project/ros2_ws/install/rwip_ros2_package/include/rwip_ros2_package/rwip_ros2_package/msg/rosidl_typesupport_fastrtps_cpp__visibility_control.h
-- Up-to-date: /home/pontus-akerman/Desktop/ADCS-project/ADCS_Project/ros2_ws/install/rwip_ros2_package/include/rwip_ros2_package/rwip_ros2_package/msg/detail
-- Installing: /home/pontus-akerman/Desktop/ADCS-project/ADCS_Project/ros2_ws/install/rwip_ros2_package/include/rwip_ros2_package/rwip_ros2_package/msg/detail/controller__rosidl_typesupport_fastrtps_cpp.hpp
-- Installing: /home/pontus-akerman/Desktop/ADCS-project/ADCS_Project/ros2_ws/install/rwip_ros2_package/include/rwip_ros2_package/rwip_ros2_package/msg/detail/dds_fastrtps
-- Installing: /home/pontus-akerman/Desktop/ADCS-project/ADCS_Project/ros2_ws/install/rwip_ros2_package/lib/librwip_ros2_package__rosidl_typesupport_fastrtps_cpp.so
-- Set non-toolchain portion of runtime path of "/home/pontus-akerman/Desktop/ADCS-project/ADCS_Project/ros2_ws/install/rwip_ros2_package/lib/librwip_ros2_package__rosidl_typesupport_fastrtps_cpp.so" to ""
-- Up-to-date: /home/pontus-akerman/Desktop/ADCS-project/ADCS_Project/ros2_ws/install/rwip_ros2_package/include/rwip_ros2_package/rwip_ros2_package
-- Up-to-date: /home/pontus-akerman/Desktop/ADCS-project/ADCS_Project/ros2_ws/install/rwip_ros2_package/include/rwip_ros2_package/rwip_ros2_package/msg
-- Up-to-date: /home/pontus-akerman/Desktop/ADCS-project/ADCS_Project/ros2_ws/install/rwip_ros2_package/include/rwip_ros2_package/rwip_ros2_package/msg/detail
-- Installing: /home/pontus-akerman/Desktop/ADCS-project/ADCS_Project/ros2_ws/install/rwip_ros2_package/include/rwip_ros2_package/rwip_ros2_package/msg/detail/controller__rosidl_typesupport_introspection_cpp.hpp
-- Installing: /home/pontus-akerman/Desktop/ADCS-project/ADCS_Project/ros2_ws/install/rwip_ros2_package/include/rwip_ros2_package/rwip_ros2_package/msg/detail/controller__type_support.cpp
-- Installing: /home/pontus-akerman/Desktop/ADCS-project/ADCS_Project/ros2_ws/install/rwip_ros2_package/lib/librwip_ros2_package__rosidl_typesupport_introspection_cpp.so
-- Set non-toolchain portion of runtime path of "/home/pontus-akerman/Desktop/ADCS-project/ADCS_Project/ros2_ws/install/rwip_ros2_package/lib/librwip_ros2_package__rosidl_typesupport_introspection_cpp.so" to ""
-- Installing: /home/pontus-akerman/Desktop/ADCS-project/ADCS_Project/ros2_ws/install/rwip_ros2_package/lib/librwip_ros2_package__rosidl_typesupport_cpp.so
-- Set non-toolchain portion of runtime path of "/home/pontus-akerman/Desktop/ADCS-project/ADCS_Project/ros2_ws/install/rwip_ros2_package/lib/librwip_ros2_package__rosidl_typesupport_cpp.so" to ""
-- Installing: /home/pontus-akerman/Desktop/ADCS-project/ADCS_Project/ros2_ws/install/rwip_ros2_package/share/rwip_ros2_package/environment/pythonpath.sh
-- Installing: /home/pontus-akerman/Desktop/ADCS-project/ADCS_Project/ros2_ws/install/rwip_ros2_package/share/rwip_ros2_package/environment/pythonpath.dsv
-- Installing: /home/pontus-akerman/Desktop/ADCS-project/ADCS_Project/ros2_ws/install/rwip_ros2_package/lib/python3.12/site-packages/rwip_ros2_package-0.0.0-py3.12.egg-info
-- Installing: /home/pontus-akerman/Desktop/ADCS-project/ADCS_Project/ros2_ws/install/rwip_ros2_package/lib/python3.12/site-packages/rwip_ros2_package-0.0.0-py3.12.egg-info/PKG-INFO
-- Installing: /home/pontus-akerman/Desktop/ADCS-project/ADCS_Project/ros2_ws/install/rwip_ros2_package/lib/python3.12/site-packages/rwip_ros2_package-0.0.0-py3.12.egg-info/dependency_links.txt
-- Installing: /home/pontus-akerman/Desktop/ADCS-project/ADCS_Project/ros2_ws/install/rwip_ros2_package/lib/python3.12/site-packages/rwip_ros2_package-0.0.0-py3.12.egg-info/SOURCES.txt
-- Installing: /home/pontus-akerman/Desktop/ADCS-project/ADCS_Project/ros2_ws/install/rwip_ros2_package/lib/python3.12/site-packages/rwip_ros2_package-0.0.0-py3.12.egg-info/top_level.txt
-- Installing: /home/pontus-akerman/Desktop/ADCS-project/ADCS_Project/ros2_ws/install/rwip_ros2_package/lib/python3.12/site-packages/rwip_ros2_package
-- Installing: /home/pontus-akerman/Desktop/ADCS-project/ADCS_Project/ros2_ws/install/rwip_ros2_package/lib/python3.12/site-packages/rwip_ros2_package/_rwip_ros2_package_s.ep.rosidl_typesupport_c.c
-- Installing: /home/pontus-akerman/Desktop/ADCS-project/ADCS_Project/ros2_ws/install/rwip_ros2_package/lib/python3.12/site-packages/rwip_ros2_package/msg
-- Installing: /home/pontus-akerman/Desktop/ADCS-project/ADCS_Project/ros2_ws/install/rwip_ros2_package/lib/python3.12/site-packages/rwip_ros2_package/msg/_controller.py
-- Installing: /home/pontus-akerman/Desktop/ADCS-project/ADCS_Project/ros2_ws/install/rwip_ros2_package/lib/python3.12/site-packages/rwip_ros2_package/msg/__init__.py
-- Installing: /home/pontus-akerman/Desktop/ADCS-project/ADCS_Project/ros2_ws/install/rwip_ros2_package/lib/python3.12/site-packages/rwip_ros2_package/msg/_controller_s.c
-- Installing: /home/pontus-akerman/Desktop/ADCS-project/ADCS_Project/ros2_ws/install/rwip_ros2_package/lib/python3.12/site-packages/rwip_ros2_package/rwip_ros2_package_s__rosidl_typesupport_introspection_c.so
-- Installing: /home/pontus-akerman/Desktop/ADCS-project/ADCS_Project/ros2_ws/install/rwip_ros2_package/lib/python3.12/site-packages/rwip_ros2_package/_rwip_ros2_package_s.ep.rosidl_typesupport_fastrtps_c.c
-- Installing: /home/pontus-akerman/Desktop/ADCS-project/ADCS_Project/ros2_ws/install/rwip_ros2_package/lib/python3.12/site-packages/rwip_ros2_package/__init__.py
-- Installing: /home/pontus-akerman/Desktop/ADCS-project/ADCS_Project/ros2_ws/install/rwip_ros2_package/lib/python3.12/site-packages/rwip_ros2_package/rwip_ros2_package_s__rosidl_typesupport_fastrtps_c.so
-- Installing: /home/pontus-akerman/Desktop/ADCS-project/ADCS_Project/ros2_ws/install/rwip_ros2_package/lib/python3.12/site-packages/rwip_ros2_package/_rwip_ros2_package_s.ep.rosidl_typesupport_introspection_c.c
-- Installing: /home/pontus-akerman/Desktop/ADCS-project/ADCS_Project/ros2_ws/install/rwip_ros2_package/lib/python3.12/site-packages/rwip_ros2_package/rwip_ros2_package_s__rosidl_typesupport_c.so
Listing '/home/pontus-akerman/Desktop/ADCS-project/ADCS_Project/ros2_ws/install/rwip_ros2_package/lib/python3.12/site-packages/rwip_ros2_package'...
Compiling '/home/pontus-akerman/Desktop/ADCS-project/ADCS_Project/ros2_ws/install/rwip_ros2_package/lib/python3.12/site-packages/rwip_ros2_package/__init__.py'...
Listing '/home/pontus-akerman/Desktop/ADCS-project/ADCS_Project/ros2_ws/install/rwip_ros2_package/lib/python3.12/site-packages/rwip_ros2_package/msg'...
Compiling '/home/pontus-akerman/Desktop/ADCS-project/ADCS_Project/ros2_ws/install/rwip_ros2_package/lib/python3.12/site-packages/rwip_ros2_package/msg/__init__.py'...
Compiling '/home/pontus-akerman/Desktop/ADCS-project/ADCS_Project/ros2_ws/install/rwip_ros2_package/lib/python3.12/site-packages/rwip_ros2_package/msg/_controller.py'...
-- Installing: /home/pontus-akerman/Desktop/ADCS-project/ADCS_Project/ros2_ws/install/rwip_ros2_package/lib/python3.12/site-packages/rwip_ros2_package/rwip_ros2_package_s__rosidl_typesupport_fastrtps_c.so
-- Set non-toolchain portion of runtime path of "/home/pontus-akerman/Desktop/ADCS-project/ADCS_Project/ros2_ws/install/rwip_ros2_package/lib/python3.12/site-packages/rwip_ros2_package/rwip_ros2_package_s__rosidl_typesupport_fastrtps_c.so" to ""
-- Installing: /home/pontus-akerman/Desktop/ADCS-project/ADCS_Project/ros2_ws/install/rwip_ros2_package/lib/python3.12/site-packages/rwip_ros2_package/rwip_ros2_package_s__rosidl_typesupport_introspection_c.so
-- Set non-toolchain portion of runtime path of "/home/pontus-akerman/Desktop/ADCS-project/ADCS_Project/ros2_ws/install/rwip_ros2_package/lib/python3.12/site-packages/rwip_ros2_package/rwip_ros2_package_s__rosidl_typesupport_introspection_c.so" to ""
-- Installing: /home/pontus-akerman/Desktop/ADCS-project/ADCS_Project/ros2_ws/install/rwip_ros2_package/lib/python3.12/site-packages/rwip_ros2_package/rwip_ros2_package_s__rosidl_typesupport_c.so
-- Set non-toolchain portion of runtime path of "/home/pontus-akerman/Desktop/ADCS-project/ADCS_Project/ros2_ws/install/rwip_ros2_package/lib/python3.12/site-packages/rwip_ros2_package/rwip_ros2_package_s__rosidl_typesupport_c.so" to ""
-- Installing: /home/pontus-akerman/Desktop/ADCS-project/ADCS_Project/ros2_ws/install/rwip_ros2_package/lib/librwip_ros2_package__rosidl_generator_py.so
-- Set non-toolchain portion of runtime path of "/home/pontus-akerman/Desktop/ADCS-project/ADCS_Project/ros2_ws/install/rwip_ros2_package/lib/librwip_ros2_package__rosidl_generator_py.so" to ""
-- Installing: /home/pontus-akerman/Desktop/ADCS-project/ADCS_Project/ros2_ws/install/rwip_ros2_package/share/rwip_ros2_package/rust
-- Installing: /home/pontus-akerman/Desktop/ADCS-project/ADCS_Project/ros2_ws/install/rwip_ros2_package/share/rwip_ros2_package/rust/build.rs
-- Installing: /home/pontus-akerman/Desktop/ADCS-project/ADCS_Project/ros2_ws/install/rwip_ros2_package/share/rwip_ros2_package/rust/Cargo.toml
-- Installing: /home/pontus-akerman/Desktop/ADCS-project/ADCS_Project/ros2_ws/install/rwip_ros2_package/share/rwip_ros2_package/rust/src
-- Installing: /home/pontus-akerman/Desktop/ADCS-project/ADCS_Project/ros2_ws/install/rwip_ros2_package/share/rwip_ros2_package/rust/src/msg.rs
-- Installing: /home/pontus-akerman/Desktop/ADCS-project/ADCS_Project/ros2_ws/install/rwip_ros2_package/share/rwip_ros2_package/rust/src/msg
-- Installing: /home/pontus-akerman/Desktop/ADCS-project/ADCS_Project/ros2_ws/install/rwip_ros2_package/share/rwip_ros2_package/rust/src/msg/rmw.rs
-- Installing: /home/pontus-akerman/Desktop/ADCS-project/ADCS_Project/ros2_ws/install/rwip_ros2_package/share/rwip_ros2_package/rust/src/lib.rs
-- Installing: /home/pontus-akerman/Desktop/ADCS-project/ADCS_Project/ros2_ws/install/rwip_ros2_package/share/rwip_ros2_package/msg/Controller.idl
-- Installing: /home/pontus-akerman/Desktop/ADCS-project/ADCS_Project/ros2_ws/install/rwip_ros2_package/share/rwip_ros2_package/msg/Controller.msg
-- Installing: /home/pontus-akerman/Desktop/ADCS-project/ADCS_Project/ros2_ws/install/rwip_ros2_package/share/ament_index/resource_index/package_run_dependencies/rwip_ros2_package
-- Installing: /home/pontus-akerman/Desktop/ADCS-project/ADCS_Project/ros2_ws/install/rwip_ros2_package/share/ament_index/resource_index/parent_prefix_path/rwip_ros2_package
-- Installing: /home/pontus-akerman/Desktop/ADCS-project/ADCS_Project/ros2_ws/install/rwip_ros2_package/share/rwip_ros2_package/environment/ament_prefix_path.sh
-- Installing: /home/pontus-akerman/Desktop/ADCS-project/ADCS_Project/ros2_ws/install/rwip_ros2_package/share/rwip_ros2_package/environment/ament_prefix_path.dsv
-- Installing: /home/pontus-akerman/Desktop/ADCS-project/ADCS_Project/ros2_ws/install/rwip_ros2_package/share/rwip_ros2_package/environment/path.sh
-- Installing: /home/pontus-akerman/Desktop/ADCS-project/ADCS_Project/ros2_ws/install/rwip_ros2_package/share/rwip_ros2_package/environment/path.dsv
-- Installing: /home/pontus-akerman/Desktop/ADCS-project/ADCS_Project/ros2_ws/install/rwip_ros2_package/share/rwip_ros2_package/local_setup.bash
-- Installing: /home/pontus-akerman/Desktop/ADCS-project/ADCS_Project/ros2_ws/install/rwip_ros2_package/share/rwip_ros2_package/local_setup.sh
-- Installing: /home/pontus-akerman/Desktop/ADCS-project/ADCS_Project/ros2_ws/install/rwip_ros2_package/share/rwip_ros2_package/local_setup.zsh
-- Installing: /home/pontus-akerman/Desktop/ADCS-project/ADCS_Project/ros2_ws/install/rwip_ros2_package/share/rwip_ros2_package/local_setup.dsv
-- Installing: /home/pontus-akerman/Desktop/ADCS-project/ADCS_Project/ros2_ws/install/rwip_ros2_package/share/rwip_ros2_package/package.dsv
-- Installing: /home/pontus-akerman/Desktop/ADCS-project/ADCS_Project/ros2_ws/install/rwip_ros2_package/share/ament_index/resource_index/packages/rwip_ros2_package
-- Installing: /home/pontus-akerman/Desktop/ADCS-project/ADCS_Project/ros2_ws/install/rwip_ros2_package/share/rwip_ros2_package/cmake/export_rwip_ros2_package__rosidl_generator_cExport.cmake
-- Installing: /home/pontus-akerman/Desktop/ADCS-project/ADCS_Project/ros2_ws/install/rwip_ros2_package/share/rwip_ros2_package/cmake/export_rwip_ros2_package__rosidl_generator_cExport-noconfig.cmake
-- Installing: /home/pontus-akerman/Desktop/ADCS-project/ADCS_Project/ros2_ws/install/rwip_ros2_package/share/rwip_ros2_package/cmake/export_rwip_ros2_package__rosidl_typesupport_fastrtps_cExport.cmake
-- Installing: /home/pontus-akerman/Desktop/ADCS-project/ADCS_Project/ros2_ws/install/rwip_ros2_package/share/rwip_ros2_package/cmake/export_rwip_ros2_package__rosidl_typesupport_fastrtps_cExport-noconfig.cmake
-- Installing: /home/pontus-akerman/Desktop/ADCS-project/ADCS_Project/ros2_ws/install/rwip_ros2_package/share/rwip_ros2_package/cmake/rwip_ros2_package__rosidl_typesupport_introspection_cExport.cmake
-- Installing: /home/pontus-akerman/Desktop/ADCS-project/ADCS_Project/ros2_ws/install/rwip_ros2_package/share/rwip_ros2_package/cmake/rwip_ros2_package__rosidl_typesupport_introspection_cExport-noconfig.cmake
-- Installing: /home/pontus-akerman/Desktop/ADCS-project/ADCS_Project/ros2_ws/install/rwip_ros2_package/share/rwip_ros2_package/cmake/rwip_ros2_package__rosidl_typesupport_cExport.cmake
-- Installing: /home/pontus-akerman/Desktop/ADCS-project/ADCS_Project/ros2_ws/install/rwip_ros2_package/share/rwip_ros2_package/cmake/rwip_ros2_package__rosidl_typesupport_cExport-noconfig.cmake
-- Installing: /home/pontus-akerman/Desktop/ADCS-project/ADCS_Project/ros2_ws/install/rwip_ros2_package/share/rwip_ros2_package/cmake/export_rwip_ros2_package__rosidl_generator_cppExport.cmake
-- Installing: /home/pontus-akerman/Desktop/ADCS-project/ADCS_Project/ros2_ws/install/rwip_ros2_package/share/rwip_ros2_package/cmake/export_rwip_ros2_package__rosidl_typesupport_fastrtps_cppExport.cmake
-- Installing: /home/pontus-akerman/Desktop/ADCS-project/ADCS_Project/ros2_ws/install/rwip_ros2_package/share/rwip_ros2_package/cmake/export_rwip_ros2_package__rosidl_typesupport_fastrtps_cppExport-noconfig.cmake
-- Installing: /home/pontus-akerman/Desktop/ADCS-project/ADCS_Project/ros2_ws/install/rwip_ros2_package/share/rwip_ros2_package/cmake/rwip_ros2_package__rosidl_typesupport_introspection_cppExport.cmake
-- Installing: /home/pontus-akerman/Desktop/ADCS-project/ADCS_Project/ros2_ws/install/rwip_ros2_package/share/rwip_ros2_package/cmake/rwip_ros2_package__rosidl_typesupport_introspection_cppExport-noconfig.cmake
-- Installing: /home/pontus-akerman/Desktop/ADCS-project/ADCS_Project/ros2_ws/install/rwip_ros2_package/share/rwip_ros2_package/cmake/rwip_ros2_package__rosidl_typesupport_cppExport.cmake
-- Installing: /home/pontus-akerman/Desktop/ADCS-project/ADCS_Project/ros2_ws/install/rwip_ros2_package/share/rwip_ros2_package/cmake/rwip_ros2_package__rosidl_typesupport_cppExport-noconfig.cmake
-- Installing: /home/pontus-akerman/Desktop/ADCS-project/ADCS_Project/ros2_ws/install/rwip_ros2_package/share/rwip_ros2_package/cmake/export_rwip_ros2_package__rosidl_generator_pyExport.cmake
-- Installing: /home/pontus-akerman/Desktop/ADCS-project/ADCS_Project/ros2_ws/install/rwip_ros2_package/share/rwip_ros2_package/cmake/export_rwip_ros2_package__rosidl_generator_pyExport-noconfig.cmake
-- Installing: /home/pontus-akerman/Desktop/ADCS-project/ADCS_Project/ros2_ws/install/rwip_ros2_package/share/rwip_ros2_package/cmake/rosidl_cmake-extras.cmake
-- Installing: /home/pontus-akerman/Desktop/ADCS-project/ADCS_Project/ros2_ws/install/rwip_ros2_package/share/rwip_ros2_package/cmake/ament_cmake_export_dependencies-extras.cmake
-- Installing: /home/pontus-akerman/Desktop/ADCS-project/ADCS_Project/ros2_ws/install/rwip_ros2_package/share/rwip_ros2_package/cmake/ament_cmake_export_include_directories-extras.cmake
-- Installing: /home/pontus-akerman/Desktop/ADCS-project/ADCS_Project/ros2_ws/install/rwip_ros2_package/share/rwip_ros2_package/cmake/ament_cmake_export_libraries-extras.cmake
-- Installing: /home/pontus-akerman/Desktop/ADCS-project/ADCS_Project/ros2_ws/install/rwip_ros2_package/share/rwip_ros2_package/cmake/ament_cmake_export_targets-extras.cmake
-- Installing: /home/pontus-akerman/Desktop/ADCS-project/ADCS_Project/ros2_ws/install/rwip_ros2_package/share/rwip_ros2_package/cmake/rosidl_cmake_export_typesupport_targets-extras.cmake
-- Installing: /home/pontus-akerman/Desktop/ADCS-project/ADCS_Project/ros2_ws/install/rwip_ros2_package/share/rwip_ros2_package/cmake/rosidl_cmake_export_typesupport_libraries-extras.cmake
-- Installing: /home/pontus-akerman/Desktop/ADCS-project/ADCS_Project/ros2_ws/install/rwip_ros2_package/share/rwip_ros2_package/cmake/rosidl_cmake_aggregate_target-extras.cmake
-- Installing: /home/pontus-akerman/Desktop/ADCS-project/ADCS_Project/ros2_ws/install/rwip_ros2_package/share/rwip_ros2_package/cmake/rwip_ros2_packageConfig.cmake
-- Installing: /home/pontus-akerman/Desktop/ADCS-project/ADCS_Project/ros2_ws/install/rwip_ros2_package/share/rwip_ros2_package/cmake/rwip_ros2_packageConfig-version.cmake
-- Installing: /home/pontus-akerman/Desktop/ADCS-project/ADCS_Project/ros2_ws/install/rwip_ros2_package/share/rwip_ros2_package/package.xml
