[0.025s] Invoking command in '/home/pontus-akerman/Desktop/ADCS_Project/ros2_ws/build/RWIP_ROS2_Package': CMAKE_PREFIX_PATH=${CMAKE_PREFIX_PATH}:/opt/ros/jazzy DEBUGINFOD_URLS=https://debuginfod.ubuntu.com /usr/bin/cmake /home/pontus-akerman/Desktop/ADCS_Project/ros2_ws/src/RWIP_ROS2_Package -DCMAKE_INSTALL_PREFIX=/home/pontus-akerman/Desktop/ADCS_Project/ros2_ws/install/RWIP_ROS2_Package
[0.216s] -- The C compiler identification is GNU 13.3.0
[0.387s] -- The CXX compiler identification is GNU 13.3.0
[0.428s] -- Detecting C compiler ABI info
[0.633s] -- Detecting C compiler ABI info - done
[0.651s] -- Check for working C compiler: /usr/bin/cc - skipped
[0.659s] -- Detecting C compile features
[0.660s] -- Detecting C compile features - done
[0.682s] -- Detecting CXX compiler ABI info
[0.914s] -- Detecting CXX compiler ABI info - done
[0.933s] -- Check for working CXX compiler: /usr/bin/c++ - skipped
[0.934s] -- Detecting CXX compile features
[0.935s] -- Detecting CXX compile features - done
[0.949s] -- Found rosidl_default_generators: 1.6.1 (/opt/ros/jazzy/share/rosidl_default_generators/cmake)
[1.243s] -- Found Python3: /usr/bin/python3 (found version "3.12.3") found components: Interpreter 
[1.416s] -- Using all available rosidl_typesupport_c: rosidl_typesupport_fastrtps_c;rosidl_typesupport_introspection_c
[1.592s] -- Using all available rosidl_typesupport_cpp: rosidl_typesupport_fastrtps_cpp;rosidl_typesupport_introspection_cpp
[1.686s] -- Found rosidl_adapter: 4.6.9 (/opt/ros/jazzy/share/rosidl_adapter/cmake)
[1.693s] -- Found builtin_interfaces: 2.0.4 (/opt/ros/jazzy/share/builtin_interfaces/cmake)
[1.724s] -- Found rclcpp: 28.1.22 (/opt/ros/jazzy/share/rclcpp/cmake)
[1.854s] -- Found rmw_implementation_cmake: 7.3.3 (/opt/ros/jazzy/share/rmw_implementation_cmake/cmake)
[1.859s] -- Found rmw_fastrtps_cpp: 8.4.4 (/opt/ros/jazzy/share/rmw_fastrtps_cpp/cmake)
[2.043s] -- Found OpenSSL: /usr/lib/x86_64-linux-gnu/libcrypto.so (found version "3.0.13")  
[2.081s] -- Found FastRTPS: /opt/ros/jazzy/include (Required is at least version "2.13") 
[2.128s] -- Using RMW implementation 'rmw_fastrtps_cpp' as default
[2.295s] -- Found geometry_msgs: 5.3.8 (/opt/ros/jazzy/share/geometry_msgs/cmake)
[2.931s] [31mCMake Error at /opt/ros/jazzy/share/rosidl_adapter/cmake/rosidl_adapt_interfaces.cmake:57 (message):
[2.932s]   execute_process(/usr/bin/python3 -m rosidl_adapter --package-name
[2.932s]   RWIP_ROS2_Package --arguments-file
[2.932s]   /home/pontus-akerman/Desktop/ADCS_Project/ros2_ws/build/RWIP_ROS2_Package/rosidl_adapter__arguments__RWIP_ROS2_Package.json
[2.933s]   --output-dir
[2.933s]   /home/pontus-akerman/Desktop/ADCS_Project/ros2_ws/build/RWIP_ROS2_Package/rosidl_adapter/RWIP_ROS2_Package
[2.933s]   --output-file
[2.933s]   /home/pontus-akerman/Desktop/ADCS_Project/ros2_ws/build/RWIP_ROS2_Package/rosidl_adapter/RWIP_ROS2_Package.idls)
[2.933s]   returned error code 1:
[2.933s] 
[2.933s]   Traceback (most recent call last):
[2.934s] 
[2.934s]     File "<frozen runpy>", line 198, in _run_module_as_main
[2.934s]     File "<frozen runpy>", line 88, in _run_code
[2.934s]     File "/opt/ros/jazzy/lib/python3.12/site-packages/rosidl_adapter/__main__.py", line 19, in <module>
[2.934s]       sys.exit(main())
[2.934s]                ^^^^^^
[2.934s]     File "/opt/ros/jazzy/lib/python3.12/site-packages/rosidl_adapter/main.py", line 53, in main
[2.935s]       abs_idl_file = convert_to_idl(
[2.935s]                      ^^^^^^^^^^^^^^^
[2.935s]     File "/opt/ros/jazzy/lib/python3.12/site-packages/rosidl_adapter/__init__.py", line 19, in convert_to_idl
[2.935s]       return convert_msg_to_idl(
[2.935s]              ^^^^^^^^^^^^^^^^^^^
[2.935s]     File "/opt/ros/jazzy/lib/python3.12/site-packages/rosidl_adapter/msg/__init__.py", line 28, in convert_msg_to_idl
[2.935s]       msg = parse_message_string(package_name, input_file.stem, content)
[2.936s]             ^^^^^^^^^^^^^^^^^^^^^^^^^^^^^^^^^^^^^^^^^^^^^^^^^^^^^^^^^^^^
[2.936s]     File "/opt/ros/jazzy/lib/python3.12/site-packages/rosidl_adapter/parser.py", line 545, in parse_message_string
[2.936s]       msg = MessageSpecification(pkg_name, msg_name, fields, constants)
[2.936s]             ^^^^^^^^^^^^^^^^^^^^^^^^^^^^^^^^^^^^^^^^^^^^^^^^^^^^^^^^^^^
[2.936s]     File "/opt/ros/jazzy/lib/python3.12/site-packages/rosidl_adapter/parser.py", line 389, in __init__
[2.936s]       self.base_type = BaseType(
[2.936s]                        ^^^^^^^^^
[2.936s]     File "/opt/ros/jazzy/lib/python3.12/site-packages/rosidl_adapter/parser.py", line 202, in __init__
[2.937s]       raise InvalidResourceName(
[2.937s] 
[2.937s]   rosidl_adapter.parser.InvalidResourceName: 'RWIP_ROS2_Package' is an
[2.937s]   invalid package name.  It should have the pattern
[2.937s]   '^(?!.*__)(?!.*_$)[a-z][a-z0-9_]*$'
[2.937s] 
[2.937s] Call Stack (most recent call first):
[2.938s]   /opt/ros/jazzy/share/rosidl_cmake/cmake/rosidl_generate_interfaces.cmake:132 (rosidl_adapt_interfaces)
[2.938s]   CMakeLists.txt:19 (rosidl_generate_interfaces)
[2.938s] 
[2.938s] [0m
[2.938s] -- Configuring incomplete, errors occurred!
[2.954s] Invoked command in '/home/pontus-akerman/Desktop/ADCS_Project/ros2_ws/build/RWIP_ROS2_Package' returned '1': CMAKE_PREFIX_PATH=${CMAKE_PREFIX_PATH}:/opt/ros/jazzy DEBUGINFOD_URLS=https://debuginfod.ubuntu.com /usr/bin/cmake /home/pontus-akerman/Desktop/ADCS_Project/ros2_ws/src/RWIP_ROS2_Package -DCMAKE_INSTALL_PREFIX=/home/pontus-akerman/Desktop/ADCS_Project/ros2_ws/install/RWIP_ROS2_Package
