[0.105s] DEBUG:colcon:Command line arguments: ['/usr/bin/colcon', 'build']
[0.105s] DEBUG:colcon:Parsed command line arguments: Namespace(log_base=None, log_level=None, verb_name='build', build_base='build', install_base='install', merge_install=False, symlink_install=False, test_result_base=None, continue_on_error=False, executor='parallel', parallel_workers=16, event_handlers=None, ignore_user_meta=False, metas=['./colcon.meta'], base_paths=['.'], packages_ignore=None, packages_ignore_regex=None, paths=None, packages_up_to=None, packages_up_to_regex=None, packages_above=None, packages_above_and_dependencies=None, packages_above_depth=None, packages_select_by_dep=None, packages_skip_by_dep=None, packages_skip_up_to=None, packages_select_build_failed=False, packages_skip_build_finished=False, packages_select_test_failures=False, packages_skip_test_passed=False, packages_select=None, packages_skip=None, packages_select_regex=None, packages_skip_regex=None, packages_start=None, packages_end=None, cmake_args=None, cmake_target=None, cmake_target_skip_unavailable=False, cmake_clean_cache=False, cmake_clean_first=False, cmake_force_configure=False, ament_cmake_args=None, catkin_cmake_args=None, catkin_skip_building_tests=False, verb_parser=<colcon_defaults.argument_parser.defaults.DefaultArgumentsDecorator object at 0x7327cdc03c50>, verb_extension=<colcon_core.verb.build.BuildVerb object at 0x7327cdc03ad0>, main=<bound method BuildVerb.main of <colcon_core.verb.build.BuildVerb object at 0x7327cdc03ad0>>)
[0.146s] Level 1:colcon.colcon_core.package_discovery:discover_packages(colcon_meta) check parameters
[0.146s] Level 1:colcon.colcon_core.package_discovery:discover_packages(recursive) check parameters
[0.146s] Level 1:colcon.colcon_core.package_discovery:discover_packages(ignore) check parameters
[0.146s] Level 1:colcon.colcon_core.package_discovery:discover_packages(path) check parameters
[0.146s] Level 1:colcon.colcon_core.package_discovery:discover_packages(colcon_meta) discover
[0.147s] Level 1:colcon.colcon_core.package_discovery:discover_packages(recursive) discover
[0.147s] INFO:colcon.colcon_core.package_discovery:Crawling recursively for packages in '/home/pontus-akerman/Desktop/ADCS-project/ADCS_Project/ros2_ws'
[0.147s] Level 1:colcon.colcon_core.package_identification:_identify(.) by extensions ['ignore', 'ignore_ament_install']
[0.147s] Level 1:colcon.colcon_core.package_identification:_identify(.) by extension 'ignore'
[0.147s] Level 1:colcon.colcon_core.package_identification:_identify(.) by extension 'ignore_ament_install'
[0.147s] Level 1:colcon.colcon_core.package_identification:_identify(.) by extensions ['colcon_pkg']
[0.147s] Level 1:colcon.colcon_core.package_identification:_identify(.) by extension 'colcon_pkg'
[0.147s] Level 1:colcon.colcon_core.package_identification:_identify(.) by extensions ['colcon_meta']
[0.147s] Level 1:colcon.colcon_core.package_identification:_identify(.) by extension 'colcon_meta'
[0.147s] Level 1:colcon.colcon_core.package_identification:_identify(.) by extensions ['ros']
[0.147s] Level 1:colcon.colcon_core.package_identification:_identify(.) by extension 'ros'
[0.173s] Level 1:colcon.colcon_core.package_identification:_identify(.) by extensions ['cmake', 'python']
[0.173s] Level 1:colcon.colcon_core.package_identification:_identify(.) by extension 'cmake'
[0.173s] Level 1:colcon.colcon_core.package_identification:_identify(.) by extension 'python'
[0.173s] Level 1:colcon.colcon_core.package_identification:_identify(.) by extensions ['python_setup_py']
[0.173s] Level 1:colcon.colcon_core.package_identification:_identify(.) by extension 'python_setup_py'
[0.173s] Level 1:colcon.colcon_core.package_identification:_identify(build) by extensions ['ignore', 'ignore_ament_install']
[0.173s] Level 1:colcon.colcon_core.package_identification:_identify(build) by extension 'ignore'
[0.173s] Level 1:colcon.colcon_core.package_identification:_identify(build) ignored
[0.173s] Level 1:colcon.colcon_core.package_identification:_identify(install) by extensions ['ignore', 'ignore_ament_install']
[0.173s] Level 1:colcon.colcon_core.package_identification:_identify(install) by extension 'ignore'
[0.173s] Level 1:colcon.colcon_core.package_identification:_identify(install) ignored
[0.174s] Level 1:colcon.colcon_core.package_identification:_identify(log) by extensions ['ignore', 'ignore_ament_install']
[0.174s] Level 1:colcon.colcon_core.package_identification:_identify(log) by extension 'ignore'
[0.174s] Level 1:colcon.colcon_core.package_identification:_identify(log) ignored
[0.174s] Level 1:colcon.colcon_core.package_identification:_identify(src) by extensions ['ignore', 'ignore_ament_install']
[0.174s] Level 1:colcon.colcon_core.package_identification:_identify(src) by extension 'ignore'
[0.174s] Level 1:colcon.colcon_core.package_identification:_identify(src) by extension 'ignore_ament_install'
[0.174s] Level 1:colcon.colcon_core.package_identification:_identify(src) by extensions ['colcon_pkg']
[0.174s] Level 1:colcon.colcon_core.package_identification:_identify(src) by extension 'colcon_pkg'
[0.174s] Level 1:colcon.colcon_core.package_identification:_identify(src) by extensions ['colcon_meta']
[0.174s] Level 1:colcon.colcon_core.package_identification:_identify(src) by extension 'colcon_meta'
[0.174s] Level 1:colcon.colcon_core.package_identification:_identify(src) by extensions ['ros']
[0.174s] Level 1:colcon.colcon_core.package_identification:_identify(src) by extension 'ros'
[0.174s] Level 1:colcon.colcon_core.package_identification:_identify(src) by extensions ['cmake', 'python']
[0.174s] Level 1:colcon.colcon_core.package_identification:_identify(src) by extension 'cmake'
[0.174s] Level 1:colcon.colcon_core.package_identification:_identify(src) by extension 'python'
[0.174s] Level 1:colcon.colcon_core.package_identification:_identify(src) by extensions ['python_setup_py']
[0.174s] Level 1:colcon.colcon_core.package_identification:_identify(src) by extension 'python_setup_py'
[0.174s] Level 1:colcon.colcon_core.package_identification:_identify(src/rwip_ros2_package) by extensions ['ignore', 'ignore_ament_install']
[0.174s] Level 1:colcon.colcon_core.package_identification:_identify(src/rwip_ros2_package) by extension 'ignore'
[0.174s] Level 1:colcon.colcon_core.package_identification:_identify(src/rwip_ros2_package) by extension 'ignore_ament_install'
[0.175s] Level 1:colcon.colcon_core.package_identification:_identify(src/rwip_ros2_package) by extensions ['colcon_pkg']
[0.175s] Level 1:colcon.colcon_core.package_identification:_identify(src/rwip_ros2_package) by extension 'colcon_pkg'
[0.175s] Level 1:colcon.colcon_core.package_identification:_identify(src/rwip_ros2_package) by extensions ['colcon_meta']
[0.175s] Level 1:colcon.colcon_core.package_identification:_identify(src/rwip_ros2_package) by extension 'colcon_meta'
[0.175s] Level 1:colcon.colcon_core.package_identification:_identify(src/rwip_ros2_package) by extensions ['ros']
[0.175s] Level 1:colcon.colcon_core.package_identification:_identify(src/rwip_ros2_package) by extension 'ros'
[0.177s] DEBUG:colcon.colcon_core.package_identification:Package 'src/rwip_ros2_package' with type 'ros.ament_cmake' and name 'rwip_ros2_package'
[0.177s] Level 1:colcon.colcon_core.package_discovery:discover_packages(recursive) using defaults
[0.177s] Level 1:colcon.colcon_core.package_discovery:discover_packages(ignore) discover
[0.177s] Level 1:colcon.colcon_core.package_discovery:discover_packages(ignore) using defaults
[0.177s] Level 1:colcon.colcon_core.package_discovery:discover_packages(path) discover
[0.177s] Level 1:colcon.colcon_core.package_discovery:discover_packages(path) using defaults
[0.198s] Level 5:colcon.colcon_core.verb:set package 'rwip_ros2_package' build argument 'cmake_args' from command line to 'None'
[0.198s] Level 5:colcon.colcon_core.verb:set package 'rwip_ros2_package' build argument 'cmake_target' from command line to 'None'
[0.198s] Level 5:colcon.colcon_core.verb:set package 'rwip_ros2_package' build argument 'cmake_target_skip_unavailable' from command line to 'False'
[0.198s] Level 5:colcon.colcon_core.verb:set package 'rwip_ros2_package' build argument 'cmake_clean_cache' from command line to 'False'
[0.198s] Level 5:colcon.colcon_core.verb:set package 'rwip_ros2_package' build argument 'cmake_clean_first' from command line to 'False'
[0.198s] Level 5:colcon.colcon_core.verb:set package 'rwip_ros2_package' build argument 'cmake_force_configure' from command line to 'False'
[0.198s] Level 5:colcon.colcon_core.verb:set package 'rwip_ros2_package' build argument 'ament_cmake_args' from command line to 'None'
[0.198s] Level 5:colcon.colcon_core.verb:set package 'rwip_ros2_package' build argument 'catkin_cmake_args' from command line to 'None'
[0.198s] Level 5:colcon.colcon_core.verb:set package 'rwip_ros2_package' build argument 'catkin_skip_building_tests' from command line to 'False'
[0.198s] DEBUG:colcon.colcon_core.verb:Building package 'rwip_ros2_package' with the following arguments: {'ament_cmake_args': None, 'build_base': '/home/pontus-akerman/Desktop/ADCS-project/ADCS_Project/ros2_ws/build/rwip_ros2_package', 'catkin_cmake_args': None, 'catkin_skip_building_tests': False, 'cmake_args': None, 'cmake_clean_cache': False, 'cmake_clean_first': False, 'cmake_force_configure': False, 'cmake_target': None, 'cmake_target_skip_unavailable': False, 'install_base': '/home/pontus-akerman/Desktop/ADCS-project/ADCS_Project/ros2_ws/install/rwip_ros2_package', 'merge_install': False, 'path': '/home/pontus-akerman/Desktop/ADCS-project/ADCS_Project/ros2_ws/src/rwip_ros2_package', 'symlink_install': False, 'test_result_base': None}
[0.198s] INFO:colcon.colcon_core.executor:Executing jobs using 'parallel' executor
[0.200s] DEBUG:colcon.colcon_parallel_executor.executor.parallel:run_until_complete
[0.200s] INFO:colcon.colcon_ros.task.ament_cmake.build:Building ROS package in '/home/pontus-akerman/Desktop/ADCS-project/ADCS_Project/ros2_ws/src/rwip_ros2_package' with build type 'ament_cmake'
[0.200s] INFO:colcon.colcon_cmake.task.cmake.build:Building CMake package in '/home/pontus-akerman/Desktop/ADCS-project/ADCS_Project/ros2_ws/src/rwip_ros2_package'
[0.204s] INFO:colcon.colcon_core.plugin_system:Skipping extension 'colcon_core.shell.bat': Not used on non-Windows systems
[0.204s] DEBUG:colcon.colcon_core.shell:Skip shell extension 'dsv' for command environment
[0.217s] DEBUG:colcon.colcon_core.event_handler.log_command:Invoking command in '/home/pontus-akerman/Desktop/ADCS-project/ADCS_Project/ros2_ws/build/rwip_ros2_package': CMAKE_PREFIX_PATH=${CMAKE_PREFIX_PATH}:/opt/ros/jazzy DEBUGINFOD_URLS=https://debuginfod.ubuntu.com /usr/bin/cmake /home/pontus-akerman/Desktop/ADCS-project/ADCS_Project/ros2_ws/src/rwip_ros2_package -DCMAKE_INSTALL_PREFIX=/home/pontus-akerman/Desktop/ADCS-project/ADCS_Project/ros2_ws/install/rwip_ros2_package
[4.330s] DEBUG:colcon.colcon_core.event_handler.log_command:Invoked command in '/home/pontus-akerman/Desktop/ADCS-project/ADCS_Project/ros2_ws/build/rwip_ros2_package' returned '0': CMAKE_PREFIX_PATH=${CMAKE_PREFIX_PATH}:/opt/ros/jazzy DEBUGINFOD_URLS=https://debuginfod.ubuntu.com /usr/bin/cmake /home/pontus-akerman/Desktop/ADCS-project/ADCS_Project/ros2_ws/src/rwip_ros2_package -DCMAKE_INSTALL_PREFIX=/home/pontus-akerman/Desktop/ADCS-project/ADCS_Project/ros2_ws/install/rwip_ros2_package
[4.332s] DEBUG:colcon.colcon_core.event_handler.log_command:Invoking command in '/home/pontus-akerman/Desktop/ADCS-project/ADCS_Project/ros2_ws/build/rwip_ros2_package': CMAKE_PREFIX_PATH=${CMAKE_PREFIX_PATH}:/opt/ros/jazzy DEBUGINFOD_URLS=https://debuginfod.ubuntu.com /usr/bin/cmake --build /home/pontus-akerman/Desktop/ADCS-project/ADCS_Project/ros2_ws/build/rwip_ros2_package -- -j16 -l16
[6.685s] DEBUG:colcon.colcon_core.event_handler.log_command:Invoked command in '/home/pontus-akerman/Desktop/ADCS-project/ADCS_Project/ros2_ws/build/rwip_ros2_package' returned '0': CMAKE_PREFIX_PATH=${CMAKE_PREFIX_PATH}:/opt/ros/jazzy DEBUGINFOD_URLS=https://debuginfod.ubuntu.com /usr/bin/cmake --build /home/pontus-akerman/Desktop/ADCS-project/ADCS_Project/ros2_ws/build/rwip_ros2_package -- -j16 -l16
[6.696s] DEBUG:colcon.colcon_core.event_handler.log_command:Invoking command in '/home/pontus-akerman/Desktop/ADCS-project/ADCS_Project/ros2_ws/build/rwip_ros2_package': CMAKE_PREFIX_PATH=${CMAKE_PREFIX_PATH}:/opt/ros/jazzy DEBUGINFOD_URLS=https://debuginfod.ubuntu.com /usr/bin/cmake --install /home/pontus-akerman/Desktop/ADCS-project/ADCS_Project/ros2_ws/build/rwip_ros2_package
[6.787s] Level 1:colcon.colcon_core.environment:create_environment_scripts_only(rwip_ros2_package)
[6.788s] DEBUG:colcon.colcon_core.event_handler.log_command:Invoked command in '/home/pontus-akerman/Desktop/ADCS-project/ADCS_Project/ros2_ws/build/rwip_ros2_package' returned '0': CMAKE_PREFIX_PATH=${CMAKE_PREFIX_PATH}:/opt/ros/jazzy DEBUGINFOD_URLS=https://debuginfod.ubuntu.com /usr/bin/cmake --install /home/pontus-akerman/Desktop/ADCS-project/ADCS_Project/ros2_ws/build/rwip_ros2_package
[6.790s] Level 1:colcon.colcon_core.environment:checking '/home/pontus-akerman/Desktop/ADCS-project/ADCS_Project/ros2_ws/install/rwip_ros2_package' for CMake module files
[6.791s] Level 1:colcon.colcon_core.environment:checking '/home/pontus-akerman/Desktop/ADCS-project/ADCS_Project/ros2_ws/install/rwip_ros2_package' for CMake config files
[6.791s] Level 1:colcon.colcon_core.shell:create_environment_hook('rwip_ros2_package', 'cmake_prefix_path')
[6.791s] INFO:colcon.colcon_core.shell:Creating environment descriptor '/home/pontus-akerman/Desktop/ADCS-project/ADCS_Project/ros2_ws/install/rwip_ros2_package/share/rwip_ros2_package/hook/cmake_prefix_path.dsv'
[6.792s] INFO:colcon.colcon_core.shell:Creating environment hook '/home/pontus-akerman/Desktop/ADCS-project/ADCS_Project/ros2_ws/install/rwip_ros2_package/share/rwip_ros2_package/hook/cmake_prefix_path.sh'
[6.793s] Level 1:colcon.colcon_core.environment:checking '/home/pontus-akerman/Desktop/ADCS-project/ADCS_Project/ros2_ws/install/rwip_ros2_package/lib'
[6.793s] Level 1:colcon.colcon_core.shell:create_environment_hook('rwip_ros2_package', 'ld_library_path_lib')
[6.793s] INFO:colcon.colcon_core.shell:Creating environment descriptor '/home/pontus-akerman/Desktop/ADCS-project/ADCS_Project/ros2_ws/install/rwip_ros2_package/share/rwip_ros2_package/hook/ld_library_path_lib.dsv'
[6.793s] INFO:colcon.colcon_core.shell:Creating environment hook '/home/pontus-akerman/Desktop/ADCS-project/ADCS_Project/ros2_ws/install/rwip_ros2_package/share/rwip_ros2_package/hook/ld_library_path_lib.sh'
[6.794s] Level 1:colcon.colcon_core.environment:checking '/home/pontus-akerman/Desktop/ADCS-project/ADCS_Project/ros2_ws/install/rwip_ros2_package/bin'
[6.794s] Level 1:colcon.colcon_core.environment:checking '/home/pontus-akerman/Desktop/ADCS-project/ADCS_Project/ros2_ws/install/rwip_ros2_package/lib/pkgconfig/rwip_ros2_package.pc'
[6.796s] Level 1:colcon.colcon_core.environment:checking '/home/pontus-akerman/Desktop/ADCS-project/ADCS_Project/ros2_ws/install/rwip_ros2_package/lib/python3.12/site-packages'
[6.796s] Level 1:colcon.colcon_core.shell:create_environment_hook('rwip_ros2_package', 'pythonpath')
[6.796s] INFO:colcon.colcon_core.shell:Creating environment descriptor '/home/pontus-akerman/Desktop/ADCS-project/ADCS_Project/ros2_ws/install/rwip_ros2_package/share/rwip_ros2_package/hook/pythonpath.dsv'
[6.797s] INFO:colcon.colcon_core.shell:Creating environment hook '/home/pontus-akerman/Desktop/ADCS-project/ADCS_Project/ros2_ws/install/rwip_ros2_package/share/rwip_ros2_package/hook/pythonpath.sh'
[6.797s] Level 1:colcon.colcon_core.environment:checking '/home/pontus-akerman/Desktop/ADCS-project/ADCS_Project/ros2_ws/install/rwip_ros2_package/bin'
[6.797s] INFO:colcon.colcon_core.shell:Creating package descriptor '/home/pontus-akerman/Desktop/ADCS-project/ADCS_Project/ros2_ws/install/rwip_ros2_package/share/rwip_ros2_package/package.dsv'
[6.798s] INFO:colcon.colcon_core.shell:Creating package script '/home/pontus-akerman/Desktop/ADCS-project/ADCS_Project/ros2_ws/install/rwip_ros2_package/share/rwip_ros2_package/package.sh'
[6.799s] INFO:colcon.colcon_core.shell:Creating package script '/home/pontus-akerman/Desktop/ADCS-project/ADCS_Project/ros2_ws/install/rwip_ros2_package/share/rwip_ros2_package/package.bash'
[6.799s] INFO:colcon.colcon_core.shell:Creating package script '/home/pontus-akerman/Desktop/ADCS-project/ADCS_Project/ros2_ws/install/rwip_ros2_package/share/rwip_ros2_package/package.zsh'
[6.800s] Level 1:colcon.colcon_core.environment:create_file_with_runtime_dependencies(/home/pontus-akerman/Desktop/ADCS-project/ADCS_Project/ros2_ws/install/rwip_ros2_package/share/colcon-core/packages/rwip_ros2_package)
[6.800s] Level 1:colcon.colcon_core.environment:create_environment_scripts_only(rwip_ros2_package)
[6.800s] Level 1:colcon.colcon_core.environment:checking '/home/pontus-akerman/Desktop/ADCS-project/ADCS_Project/ros2_ws/install/rwip_ros2_package' for CMake module files
[6.801s] Level 1:colcon.colcon_core.environment:checking '/home/pontus-akerman/Desktop/ADCS-project/ADCS_Project/ros2_ws/install/rwip_ros2_package' for CMake config files
[6.801s] Level 1:colcon.colcon_core.shell:create_environment_hook('rwip_ros2_package', 'cmake_prefix_path')
[6.801s] INFO:colcon.colcon_core.shell:Creating environment descriptor '/home/pontus-akerman/Desktop/ADCS-project/ADCS_Project/ros2_ws/install/rwip_ros2_package/share/rwip_ros2_package/hook/cmake_prefix_path.dsv'
[6.802s] INFO:colcon.colcon_core.shell:Creating environment hook '/home/pontus-akerman/Desktop/ADCS-project/ADCS_Project/ros2_ws/install/rwip_ros2_package/share/rwip_ros2_package/hook/cmake_prefix_path.sh'
[6.802s] Level 1:colcon.colcon_core.environment:checking '/home/pontus-akerman/Desktop/ADCS-project/ADCS_Project/ros2_ws/install/rwip_ros2_package/lib'
[6.803s] Level 1:colcon.colcon_core.shell:create_environment_hook('rwip_ros2_package', 'ld_library_path_lib')
[6.803s] INFO:colcon.colcon_core.shell:Creating environment descriptor '/home/pontus-akerman/Desktop/ADCS-project/ADCS_Project/ros2_ws/install/rwip_ros2_package/share/rwip_ros2_package/hook/ld_library_path_lib.dsv'
[6.803s] INFO:colcon.colcon_core.shell:Creating environment hook '/home/pontus-akerman/Desktop/ADCS-project/ADCS_Project/ros2_ws/install/rwip_ros2_package/share/rwip_ros2_package/hook/ld_library_path_lib.sh'
[6.804s] Level 1:colcon.colcon_core.environment:checking '/home/pontus-akerman/Desktop/ADCS-project/ADCS_Project/ros2_ws/install/rwip_ros2_package/bin'
[6.804s] Level 1:colcon.colcon_core.environment:checking '/home/pontus-akerman/Desktop/ADCS-project/ADCS_Project/ros2_ws/install/rwip_ros2_package/lib/pkgconfig/rwip_ros2_package.pc'
[6.804s] Level 1:colcon.colcon_core.environment:checking '/home/pontus-akerman/Desktop/ADCS-project/ADCS_Project/ros2_ws/install/rwip_ros2_package/lib/python3.12/site-packages'
[6.804s] Level 1:colcon.colcon_core.shell:create_environment_hook('rwip_ros2_package', 'pythonpath')
[6.804s] INFO:colcon.colcon_core.shell:Creating environment descriptor '/home/pontus-akerman/Desktop/ADCS-project/ADCS_Project/ros2_ws/install/rwip_ros2_package/share/rwip_ros2_package/hook/pythonpath.dsv'
[6.804s] INFO:colcon.colcon_core.shell:Creating environment hook '/home/pontus-akerman/Desktop/ADCS-project/ADCS_Project/ros2_ws/install/rwip_ros2_package/share/rwip_ros2_package/hook/pythonpath.sh'
[6.805s] Level 1:colcon.colcon_core.environment:checking '/home/pontus-akerman/Desktop/ADCS-project/ADCS_Project/ros2_ws/install/rwip_ros2_package/bin'
[6.805s] INFO:colcon.colcon_core.shell:Creating package descriptor '/home/pontus-akerman/Desktop/ADCS-project/ADCS_Project/ros2_ws/install/rwip_ros2_package/share/rwip_ros2_package/package.dsv'
[6.806s] INFO:colcon.colcon_core.shell:Creating package script '/home/pontus-akerman/Desktop/ADCS-project/ADCS_Project/ros2_ws/install/rwip_ros2_package/share/rwip_ros2_package/package.sh'
[6.806s] INFO:colcon.colcon_core.shell:Creating package script '/home/pontus-akerman/Desktop/ADCS-project/ADCS_Project/ros2_ws/install/rwip_ros2_package/share/rwip_ros2_package/package.bash'
[6.807s] INFO:colcon.colcon_core.shell:Creating package script '/home/pontus-akerman/Desktop/ADCS-project/ADCS_Project/ros2_ws/install/rwip_ros2_package/share/rwip_ros2_package/package.zsh'
[6.807s] Level 1:colcon.colcon_core.environment:create_file_with_runtime_dependencies(/home/pontus-akerman/Desktop/ADCS-project/ADCS_Project/ros2_ws/install/rwip_ros2_package/share/colcon-core/packages/rwip_ros2_package)
[6.807s] DEBUG:colcon.colcon_parallel_executor.executor.parallel:closing loop
[6.808s] DEBUG:colcon.colcon_parallel_executor.executor.parallel:loop closed
[6.808s] DEBUG:colcon.colcon_parallel_executor.executor.parallel:run_until_complete finished with '0'
[6.808s] DEBUG:colcon.colcon_core.event_reactor:joining thread
[6.815s] INFO:colcon.colcon_core.plugin_system:Skipping extension 'colcon_notification.desktop_notification.terminal_notifier': Not used on non-Darwin systems
[6.815s] INFO:colcon.colcon_core.plugin_system:Skipping extension 'colcon_notification.desktop_notification.win32': Not used on non-Windows systems
[6.815s] INFO:colcon.colcon_notification.desktop_notification:Sending desktop notification using 'notify2'
[6.837s] DEBUG:colcon.colcon_core.event_reactor:joined thread
[6.837s] INFO:colcon.colcon_core.shell:Creating prefix script '/home/pontus-akerman/Desktop/ADCS-project/ADCS_Project/ros2_ws/install/local_setup.sh'
[6.839s] INFO:colcon.colcon_core.shell:Creating prefix util module '/home/pontus-akerman/Desktop/ADCS-project/ADCS_Project/ros2_ws/install/_local_setup_util_sh.py'
[6.840s] INFO:colcon.colcon_core.shell:Creating prefix chain script '/home/pontus-akerman/Desktop/ADCS-project/ADCS_Project/ros2_ws/install/setup.sh'
[6.841s] INFO:colcon.colcon_core.shell:Creating prefix script '/home/pontus-akerman/Desktop/ADCS-project/ADCS_Project/ros2_ws/install/local_setup.bash'
[6.841s] INFO:colcon.colcon_core.shell:Creating prefix chain script '/home/pontus-akerman/Desktop/ADCS-project/ADCS_Project/ros2_ws/install/setup.bash'
[6.842s] INFO:colcon.colcon_core.shell:Creating prefix script '/home/pontus-akerman/Desktop/ADCS-project/ADCS_Project/ros2_ws/install/local_setup.zsh'
[6.843s] INFO:colcon.colcon_core.shell:Creating prefix chain script '/home/pontus-akerman/Desktop/ADCS-project/ADCS_Project/ros2_ws/install/setup.zsh'
